// Jest Snapshot v1, https://goo.gl/fbAQLP

exports[`UserProfile renders the user profile with the given data and matches snapshot 1`] = `<div />`;
